/k2-fsa/sherpa-onnx/sherpa-onnx/csrc/parse-options.cc:Read:374 ./sherpa-onnx --tokens=/data/local/tmp/sh/m/sherpa-onnx-streaming-zipformer-small-ru-vosk-int8-2025-08-16/tokens.txt --encoder=/data/local/tmp/sh/m/sherpa-onnx-streaming-zipformer-small-ru-vosk-int8-2025-08-16/encoder.int8.onnx --decoder=/data/local/tmp/sh/m/sherpa-onnx-streaming-zipformer-small-ru-vosk-int8-2025-08-16/decoder.onnx --joiner=/data/local/tmp/sh/m/sherpa-onnx-streaming-zipformer-small-ru-vosk-int8-2025-08-16/joiner.int8.onnx --num-threads=4 --decoding-method=greedy_search /data/local/tmp/sh/audio/ru/model_test0.wav /data/local/tmp/sh/audio/ru/tat_1457797.wav /data/local/tmp/sh/audio/ru/tat_2335447.wav /data/local/tmp/sh/audio/ru/tat_2404225.wav /data/local/tmp/sh/audio/ru/tat_3282130.wav /data/local/tmp/sh/audio/ru/tat_3354267.wav /data/local/tmp/sh/audio/ru/tat_337437.wav /data/local/tmp/sh/audio/ru/tat_370862.wav /data/local/tmp/sh/audio/ru/tat_379966.wav /data/local/tmp/sh/audio/ru/tat_380994.wav /data/local/tmp/sh/audio/ru/tat_5567.wav 

OnlineRecognizerConfig(feat_config=FeatureExtractorConfig(sampling_rate=16000, feature_dim=80, low_freq=20, high_freq=-400, dither=0, normalize_samples=True, snip_edges=False), model_config=OnlineModelConfig(transducer=OnlineTransducerModelConfig(encoder="/data/local/tmp/sh/m/sherpa-onnx-streaming-zipformer-small-ru-vosk-int8-2025-08-16/encoder.int8.onnx", decoder="/data/local/tmp/sh/m/sherpa-onnx-streaming-zipformer-small-ru-vosk-int8-2025-08-16/decoder.onnx", joiner="/data/local/tmp/sh/m/sherpa-onnx-streaming-zipformer-small-ru-vosk-int8-2025-08-16/joiner.int8.onnx"), paraformer=OnlineParaformerModelConfig(encoder="", decoder=""), wenet_ctc=OnlineWenetCtcModelConfig(model="", chunk_size=16, num_left_chunks=4), zipformer2_ctc=OnlineZipformer2CtcModelConfig(model=""), nemo_ctc=OnlineNeMoCtcModelConfig(model=""), t_one_ctc=OnlineToneCtcModelConfig(model=""), provider_config=ProviderConfig(device=0, provider="cpu", cuda_config=CudaConfig(cudnn_conv_algo_search=1), trt_config=TensorrtConfig(trt_max_workspace_size=2147483647, trt_max_partition_iterations=10, trt_min_subgraph_size=5, trt_fp16_enable="True", trt_detailed_build_log="False", trt_engine_cache_enable="True", trt_engine_cache_path=".", trt_timing_cache_enable="True", trt_timing_cache_path=".",trt_dump_subgraphs="False" )), tokens="/data/local/tmp/sh/m/sherpa-onnx-streaming-zipformer-small-ru-vosk-int8-2025-08-16/tokens.txt", num_threads=4, warm_up=0, debug=False, model_type="", modeling_unit="cjkchar", bpe_vocab=""), lm_config=OnlineLMConfig(model="", scale=0.5, lodr_scale=0.01, lodr_fst="", lodr_backoff_id=-1, shallow_fusion=True), endpoint_config=EndpointConfig(rule1=EndpointRule(must_contain_nonsilence=False, min_trailing_silence=2.4, min_utterance_length=0), rule2=EndpointRule(must_contain_nonsilence=True, min_trailing_silence=1.2, min_utterance_length=0), rule3=EndpointRule(must_contain_nonsilence=False, min_trailing_silence=0, min_utterance_length=20)), ctc_fst_decoder_config=OnlineCtcFstDecoderConfig(graph="", max_active=3000), enable_endpoint=True, max_active_paths=4, hotwords_score=1.5, hotwords_file="", decoding_method="greedy_search", blank_penalty=0, temperature_scale=2, rule_fsts="", rule_fars="", reset_encoder=False, hr=HomophoneReplacerConfig(lexicon="", rule_fsts=""))
/data/local/tmp/sh/audio/ru/model_test0.wav
Number of threads: 4, Elapsed seconds: 2.4, Audio duration (s): 9.2, Real time factor (RTF) = 2.4/9.2 = 0.26
я тебя люблю
{ "text": "я тебя люблю", "tokens": [" я", " тебя", " люб", "лю"], "timestamps": [5.12, 6.40, 7.12, 7.80], "ys_probs": [-0.297199, -0.867065, -0.354971, -0.429779], "lm_probs": [], "context_scores": [], "segment": 0, "words": [], "num_trailing_blanks": 60, "start_time": 0.00, "is_final": false, "is_eof": false}

/data/local/tmp/sh/audio/ru/tat_1457797.wav
Number of threads: 4, Elapsed seconds: 1.5, Audio duration (s): 2.5, Real time factor (RTF) = 1.5/2.5 = 0.59
он покинул комнату не сказав ни слова
{ "text": "он покинул комнату не сказав ни слова", "tokens": [" он", " по", "ки", "нул", " ком", "на", "ту", " не", " с", "ка", "за", "в", " ни", " с", "ло", "ва"], "timestamps": [0.64, 0.88, 1.08, 1.20, 1.40, 1.56, 1.68, 1.92, 2.00, 2.08, 2.16, 2.24, 2.36, 2.48, 2.60, 2.72], "ys_probs": [-0.066975, -0.857401, -0.280235, -0.652126, -0.257386, -0.246574, -0.316074, -0.154339, -0.785486, -0.421181, -0.543625, -0.218601, -0.234985, -0.257404, -0.169018, -0.589230], "lm_probs": [], "context_scores": [], "segment": 0, "words": [], "num_trailing_blanks": 11, "start_time": 0.00, "is_final": false, "is_eof": false}

/data/local/tmp/sh/audio/ru/tat_2335447.wav
Number of threads: 4, Elapsed seconds: 1.6, Audio duration (s): 3.1, Real time factor (RTF) = 1.6/3.1 = 0.53
вот почему девушки любят огурцы
{ "text": "вот почему девушки любят огурцы", "tokens": [" вот", " почему", " де", "в", "у", "ш", "ки", " люб", "ят", " о", "гу", "р", "ц", "ы"], "timestamps": [0.64, 1.28, 1.68, 1.92, 1.96, 2.04, 2.12, 2.24, 2.56, 2.68, 2.84, 2.96, 3.04, 3.12], "ys_probs": [-0.143242, -0.331122, -0.677299, -0.544594, -0.286297, -0.391151, -0.267536, -0.451996, -0.068848, -0.403912, -0.075348, -0.038043, -0.085833, -0.232626], "lm_probs": [], "context_scores": [], "segment": 0, "words": [], "num_trailing_blanks": 17, "start_time": 0.00, "is_final": false, "is_eof": false}

/data/local/tmp/sh/audio/ru/tat_2404225.wav
Number of threads: 4, Elapsed seconds: 1.5, Audio duration (s): 2.6, Real time factor (RTF) = 1.5/2.6 = 0.57
по существу я согласен с вашим мнением
{ "text": "по существу я согласен с вашим мнением", "tokens": [" по", " с", "у", "ще", "ст", "в", "у", " я", " со", "г", "ла", "с", "е", "н", " с", " ваш", "им", " мне", "ни", "ем"], "timestamps": [0.64, 0.88, 0.96, 1.04, 1.20, 1.24, 1.32, 1.40, 1.56, 1.64, 1.72, 1.80, 1.88, 1.96, 2.04, 2.16, 2.28, 2.40, 2.72, 2.80], "ys_probs": [-0.157833, -0.337347, -0.146805, -0.388721, -0.281401, -0.503694, -0.058376, -0.406116, -0.139387, -0.128979, -0.018490, -0.451561, -0.349398, -0.057915, -0.489189, -0.597570, -0.199223, -0.511003, -0.446247, -0.466862], "lm_probs": [], "context_scores": [], "segment": 0, "words": [], "num_trailing_blanks": 9, "start_time": 0.00, "is_final": false, "is_eof": false}

/data/local/tmp/sh/audio/ru/tat_3282130.wav
Number of threads: 4, Elapsed seconds: 1.5, Audio duration (s): 2.6, Real time factor (RTF) = 1.5/2.6 = 0.57
они не смогут тебя остановить
{ "text": "они не смогут тебя остановить", "tokens": [" они", " не", " с", "мо", "гу", "т", " тебя", " оста", "нов", "ить"], "timestamps": [0.64, 1.40, 1.52, 1.60, 1.72, 1.84, 2.04, 2.28, 2.56, 2.68], "ys_probs": [-0.769714, -0.449989, -0.381330, -0.092251, -0.132286, -0.197540, -0.677132, -0.643772, -0.403049, -0.666727], "lm_probs": [], "context_scores": [], "segment": 0, "words": [], "num_trailing_blanks": 12, "start_time": 0.00, "is_final": false, "is_eof": false}

/data/local/tmp/sh/audio/ru/tat_3354267.wav
Number of threads: 4, Elapsed seconds: 2.3, Audio duration (s): 8.1, Real time factor (RTF) = 2.3/8.1 = 0.29
снова ты шоколад ешь сильно же ты его любишь люблю а кого ты любишь больше шоколад или меня само собой шоколад
{ "text": "снова ты шоколад ешь сильно же ты его любишь люблю а кого ты любишь больше шоколад или меня само собой шоколад", "tokens": [" с", "но", "ва", " ты", " ш", "о", "ко", "ла", "д", " ", "ешь", " с", "и", "ль", "но", " же", " ты", " его", " люб", "и", "ш", "ь", " люб", "лю", " а", " ко", "го", " ты", " люб", "и", "ш", "ь", " больше", " ш", "о", "ко", "ла", "д", " или", " меня", " само", " с", "об", "ой", " ш", "о", "ко", "ла", "д"], "timestamps": [0.64, 1.28, 1.36, 1.52, 1.68, 1.76, 1.88, 1.96, 2.08, 2.20, 2.24, 2.56, 2.60, 2.68, 2.72, 2.84, 3.00, 3.20, 3.36, 3.48, 3.60, 3.64, 4.24, 4.48, 4.88, 5.12, 5.20, 5.32, 5.40, 5.52, 5.60, 5.64, 5.76, 6.08, 6.20, 6.28, 6.36, 6.52, 6.64, 6.88, 7.20, 7.68, 7.72, 7.80, 7.96, 8.04, 8.12, 8.20, 8.40], "ys_probs": [-0.194748, -0.404995, -0.124870, -0.455269, -0.284008, -0.204231, -0.291745, -0.391304, -0.126373, -0.322002, -0.447270, -0.357452, -0.508694, -0.065792, -0.352722, -0.570633, -0.511402, -0.830818, -0.071911, -0.376758, -0.154366, -0.094921, -0.516277, -0.296385, -0.897377, -0.311226, -0.200352, -0.387726, -0.096237, -0.102345, -0.107685, -0.111027, -0.597162, -0.412384, -0.127541, -0.084166, -0.533371, -0.113937, -0.293404, -0.614101, -0.656933, -0.240623, -0.620220, -0.129972, -0.217644, -0.199223, -0.147549, -0.378258, -0.656349], "lm_probs": [], "context_scores": [], "segment": 0, "words": [], "num_trailing_blanks": 13, "start_time": 0.00, "is_final": false, "is_eof": false}

/data/local/tmp/sh/audio/ru/tat_337437.wav
Number of threads: 4, Elapsed seconds: 1.5, Audio duration (s): 2.2, Real time factor (RTF) = 1.5/2.2 = 0.66
у майка есть несколько друзей во флориде
{ "text": "у майка есть несколько друзей во флориде", "tokens": [" у", " ма", "й", "ка", " есть", " несколько", " д", "ру", "з", "ей", " во", " ф", "ло", "ри", "де"], "timestamps": [0.64, 0.88, 1.00, 1.08, 1.28, 1.44, 1.76, 1.84, 1.96, 2.00, 2.16, 2.28, 2.32, 2.44, 2.60], "ys_probs": [-0.127457, -0.318272, -0.427559, -0.972202, -0.263912, -0.182159, -0.139198, -0.624992, -0.094233, -0.368496, -0.124226, -0.121914, -0.318974, -0.123363, -0.647308], "lm_probs": [], "context_scores": [], "segment": 0, "words": [], "num_trailing_blanks": 14, "start_time": 0.00, "is_final": false, "is_eof": false}

/data/local/tmp/sh/audio/ru/tat_370862.wav
Number of threads: 4, Elapsed seconds: 1.6, Audio duration (s): 3, Real time factor (RTF) = 1.6/3 = 0.55
ад и рай существует лишь в сердцах людей
{ "text": "ад и рай существует лишь в сердцах людей", "tokens": [" а", "д", " и", " ра", "й", " с", "у", "ще", "ст", "в", "у", "ет", " ли", "ш", "ь", " в", " сер", "д", "ца", "х", " людей"], "timestamps": [0.64, 0.96, 1.12, 1.28, 1.40, 1.52, 1.60, 1.68, 1.92, 1.96, 2.00, 2.04, 2.16, 2.28, 2.32, 2.56, 2.60, 2.68, 2.72, 2.80, 2.92], "ys_probs": [-0.982502, -0.902863, -0.514069, -0.345428, -0.103882, -0.323353, -0.212494, -0.239422, -0.041962, -0.014448, -0.674164, -0.655388, -0.774075, -0.311611, -0.105240, -0.200405, -0.205139, -0.115915, -0.050135, -0.305687, -0.225428], "lm_probs": [], "context_scores": [], "segment": 0, "words": [], "num_trailing_blanks": 22, "start_time": 0.00, "is_final": false, "is_eof": false}

/data/local/tmp/sh/audio/ru/tat_379966.wav
Number of threads: 4, Elapsed seconds: 1.5, Audio duration (s): 2.1, Real time factor (RTF) = 1.5/2.1 = 0.71
здесь очень опасно ходить ночью
{ "text": "здесь очень опасно ходить ночью", "tokens": [" здесь", " очень", " о", "па", "с", "но", " ", "ход", "ить", " но", "ч", "ь", "ю"], "timestamps": [0.64, 1.04, 1.36, 1.44, 1.52, 1.60, 1.72, 1.76, 1.88, 2.04, 2.24, 2.28, 2.36], "ys_probs": [-0.065922, -0.634792, -0.144909, -0.090252, -0.132671, -0.204868, -0.320215, -0.069810, -0.643322, -0.491856, -0.101482, -0.092575, -0.416389], "lm_probs": [], "context_scores": [], "segment": 0, "words": [], "num_trailing_blanks": 20, "start_time": 0.00, "is_final": false, "is_eof": false}

/data/local/tmp/sh/audio/ru/tat_380994.wav
Number of threads: 4, Elapsed seconds: 1.5, Audio duration (s): 2.1, Real time factor (RTF) = 1.5/2.1 = 0.71
он по ошибке взял не ту шляпу
{ "text": "он по ошибке взял не ту шляпу", "tokens": [" он", " по", " о", "ши", "б", "ке", " в", "з", "я", "л", " не", " ", "ту", " ш", "ля", "пу"], "timestamps": [0.64, 1.04, 1.20, 1.28, 1.36, 1.44, 1.56, 1.64, 1.68, 1.72, 1.92, 2.00, 2.04, 2.16, 2.24, 2.40], "ys_probs": [-0.098774, -0.290939, -0.779549, -0.111191, -0.126986, -0.617237, -0.224384, -0.189039, -0.071436, -0.450592, -0.370659, -0.459562, -0.028250, -0.185993, -0.326107, -0.114685], "lm_probs": [], "context_scores": [], "segment": 0, "words": [], "num_trailing_blanks": 19, "start_time": 0.00, "is_final": false, "is_eof": false}

/data/local/tmp/sh/audio/ru/tat_5567.wav
Number of threads: 4, Elapsed seconds: 1.5, Audio duration (s): 2.3, Real time factor (RTF) = 1.5/2.3 = 0.63
это совсем не удивительно не так ли
{ "text": "это совсем не удивительно не так ли", "tokens": [" это", " с", "ов", "с", "ем", " не", " у", "ди", "в", "ительно", " не", " так", " ли"], "timestamps": [0.64, 1.04, 1.12, 1.28, 1.32, 1.44, 1.60, 1.68, 1.92, 1.96, 2.16, 2.32, 2.56], "ys_probs": [-0.234329, -0.756834, -0.365902, -0.624556, -0.103055, -0.519623, -0.863705, -0.623329, -0.080387, -0.156128, -0.408020, -0.194981, -0.288174], "lm_probs": [], "context_scores": [], "segment": 0, "words": [], "num_trailing_blanks": 15, "start_time": 0.00, "is_final": false, "is_eof": false}

